
============================================================
  Testing: lodash
============================================================
{
  "name": "lodash",
  "days_since_created": 5067,
  "days_since_last_update": 46,
  "num_versions": 115,
  "release_velocity": 0.022696,
  "num_maintainers": 3,
  "has_postinstall": 0,
  "description_length": 25,
  "license_is_standard": 1,
  "has_github_repo": 1,
  "stargazers_count": 61581,
  "forks_count": 7125,
  "open_issues_count": 127,
  "subscribers_count": 805,
  "contributor_count": 264,
  "days_since_last_commit": 14
}

============================================================
  Testing: express
============================================================
{
  "name": "express",
  "days_since_created": 5548,
  "days_since_last_update": 97,
  "num_versions": 287,
  "release_velocity": 0.05173,
  "num_maintainers": 5,
  "has_postinstall": 0,
  "description_length": 45,
  "license_is_standard": 1,
  "has_github_repo": 1,
  "stargazers_count": 68882,
  "forks_count": 22757,
  "open_issues_count": 190,
  "subscribers_count": 1676,
  "contributor_count": 377,
  "days_since_last_commit": 7
}
